C:\Users\admin\Desktop\Main_ACDL_ERA5_SpatiotemporalAttention_DL\Train_ACDL_ERA5_MatchV2.py:382: UserWarning: enable_nested_tensor is True, but self.use_nested_tensor is False because encoder_layer.norm_first was True
  self.transformer = nn.TransformerEncoder(enc, num_layers=n_layers)
==============================================================================
ACDL×ERA5 MatchV2 训练
  样本目录: D:/matchdata_fixed_case5
  输出目录: train_exp_E2b
  设备: cpu  epochs=200 batch=256 lr=0.0003 d_model=128
  开关: target=abs  w_profile=none  log_target=True  softplus=False  tag=E2b
==============================================================================
[DATA] 找到 30 个匹配文件
  ACDL_ERA5_MatchV2_20220601.mat: 1361 样本 (+3 列)
  ACDL_ERA5_MatchV2_20220602.mat: 1007 样本 (+3 列)
  ACDL_ERA5_MatchV2_20220603.mat: 1346 样本 (+3 列)
  ACDL_ERA5_MatchV2_20220604.mat: 1243 样本 (+3 列)
  ACDL_ERA5_MatchV2_20220605.mat: 1256 样本 (+3 列)
  ACDL_ERA5_MatchV2_20220606.mat: 1341 样本 (+3 列)
  ACDL_ERA5_MatchV2_20220607.mat: 1182 样本 (+3 列)
  ACDL_ERA5_MatchV2_20220608.mat: 1354 样本 (+3 列)
  ACDL_ERA5_MatchV2_20220609.mat: 1184 样本 (+3 列)
  ACDL_ERA5_MatchV2_20220610.mat: 1277 样本 (+3 列)
  ACDL_ERA5_MatchV2_20220611.mat: 1219 样本 (+3 列)
  ACDL_ERA5_MatchV2_20220612.mat: 1102 样本 (+3 列)
  ACDL_ERA5_MatchV2_20220613.mat: 1327 样本 (+3 列)
  ACDL_ERA5_MatchV2_20220614.mat: 1199 样本 (+3 列)
  ACDL_ERA5_MatchV2_20220615.mat: 1365 样本 (+3 列)
  ACDL_ERA5_MatchV2_20220616.mat: 598 样本 (+3 列)
  ACDL_ERA5_MatchV2_20220617.mat: 1107 样本 (+3 列)
  ACDL_ERA5_MatchV2_20220618.mat: 1010 样本 (+3 列)
  ACDL_ERA5_MatchV2_20220619.mat: 1282 样本 (+3 列)
  ACDL_ERA5_MatchV2_20220620.mat: 1312 样本 (+3 列)
  ACDL_ERA5_MatchV2_20220621.mat: 945 样本 (+3 列)
  ACDL_ERA5_MatchV2_20220622.mat: 1352 样本 (+3 列)
  ACDL_ERA5_MatchV2_20220623.mat: 427 样本 (+3 列)
  ACDL_ERA5_MatchV2_20220624.mat: 1358 样本 (+3 列)
  ACDL_ERA5_MatchV2_20220625.mat: 1192 样本 (+3 列)
  ACDL_ERA5_MatchV2_20220626.mat: 1140 样本 (+3 列)
  ACDL_ERA5_MatchV2_20220627.mat: 1293 样本 (+3 列)
  ACDL_ERA5_MatchV2_20220628.mat: 1037 样本 (+3 列)
  ACDL_ERA5_MatchV2_20220629.mat: 965 样本 (+3 列)
  ACDL_ERA5_MatchV2_20220630.mat: 1079 样本 (+3 列)
[DATA] 合计 34860 样本,X=(34860, 103),y=(34860, 32);目标有效率 82.3%
[DATA] 额外列 3 个: ['BLH_m', 'TCWV_kgm2', 'Z_sfc_m'];Z_sfc 用于修正 L00 厚度(中位 298 m)
[DATA] 参与训练 34860 样本;目标有效率 82.3%
[TARGET] 模式 = abs(绝对消光 σ_l, km⁻¹)
[COLS] 额外 token 维度 = 3 (['BLH_m', 'TCWV_kgm2', 'Z_sfc_m'])

[TARGET] 目标可行性统计
  样本 34860;每层有效数(前 8 层): L00=10192 L01=14266 L02=16561 L03=18144 L04=19853 L05=21693 L06=23080 L07=23952
  每层有效数(后 8 层): L24=34831 L25=34854 L26=34860 L27=34860 L28=34860 L29=34860 L30=34860 L31=34860
  形状目标可用样本: 34689/34860 (99.5%)   [需 ≥10 层 且 厚度覆盖 ≥50%]
  柱含量可用样本  : 34860/34860 (100.0%)
  近地面窗口(层底 < 500 m)包含层: L00, L01, L02, L03, L04, L05, L06
  近地面完整样本  : 10198/34860 (29.3%)   ← 这些才可用于 GCF 评估
  GCF(近地面 500 m 占比)分位数: p5=0.013 p25=0.030 p50=0.056 p75=0.109 p95=0.262
  GCF 均值 0.086 ± 0.085(仅统计近地面完整的样本)
  柱光学厚度分位数: p5=0.214 p50=0.846 p95=2.344

[HOLDOUT] 随机留出 20%(train=27888, test=6972) —— 注意:随机划分,同格点/同时次样本可能跨集,结果偏乐观
[TARGET] log 空间训练: y→ln(clip(y,1e-06)),评估仍还原原空间
    [Holdout] ep  1 train=0.3005 val=0.2503  *best
    [Holdout] ep  2 train=0.2543 val=0.2379  *best
    [Holdout] ep  3 train=0.2430 val=0.2302  *best
    [Holdout] ep  4 train=0.2365 val=0.2267  *best
    [Holdout] ep  5 train=0.2305 val=0.2235  *best
    [Holdout] ep  6 train=0.2265 val=0.2177  *best
    [Holdout] ep  7 train=0.2227 val=0.2163  *best
    [Holdout] ep  8 train=0.2196 val=0.2144  *best
    [Holdout] ep  9 train=0.2164 val=0.2126  *best
    [Holdout] ep 10 train=0.2142 val=0.2083  *best
    [Holdout] ep 11 train=0.2113 val=0.2075  *best
    [Holdout] ep 12 train=0.2093 val=0.2054  *best
    [Holdout] ep 13 train=0.2075 val=0.2043  *best
    [Holdout] ep 14 train=0.2049 val=0.2021  *best
    [Holdout] ep 15 train=0.2027 val=0.1997  *best
    [Holdout] ep 17 train=0.1995 val=0.1983  *best
    [Holdout] ep 18 train=0.1981 val=0.1963  *best
    [Holdout] ep 20 train=0.1949 val=0.1940  *best
    [Holdout] ep 21 train=0.1928 val=0.1934  *best
    [Holdout] ep 22 train=0.1917 val=0.1923  *best
    [Holdout] ep 23 train=0.1904 val=0.1914  *best
    [Holdout] ep 24 train=0.1887 val=0.1902  *best
    [Holdout] ep 25 train=0.1875 val=0.1892  *best
    [Holdout] ep 27 train=0.1850 val=0.1880  *best
    [Holdout] ep 28 train=0.1834 val=0.1873  *best
    [Holdout] ep 30 train=0.1818 val=0.1867  *best
    [Holdout] ep 31 train=0.1803 val=0.1849  *best
    [Holdout] ep 32 train=0.1791 val=0.1841  *best
    [Holdout] ep 33 train=0.1779 val=0.1836  *best
    [Holdout] ep 34 train=0.1769 val=0.1835  *best
    [Holdout] ep 35 train=0.1760 val=0.1834  *best
    [Holdout] ep 36 train=0.1748 val=0.1822  *best
    [Holdout] ep 37 train=0.1740 val=0.1813  *best
    [Holdout] ep 39 train=0.1720 val=0.1801  *best
    [Holdout] ep 40 train=0.1711 val=0.1804
    [Holdout] ep 41 train=0.1703 val=0.1798  *best
    [Holdout] ep 43 train=0.1682 val=0.1792  *best
    [Holdout] ep 44 train=0.1678 val=0.1779  *best
    [Holdout] ep 45 train=0.1668 val=0.1776  *best
    [Holdout] ep 46 train=0.1657 val=0.1769  *best
    [Holdout] ep 48 train=0.1640 val=0.1763  *best
    [Holdout] ep 50 train=0.1627 val=0.1759  *best
    [Holdout] ep 51 train=0.1620 val=0.1755  *best
    [Holdout] ep 52 train=0.1609 val=0.1753  *best
    [Holdout] ep 54 train=0.1594 val=0.1746  *best
    [Holdout] ep 56 train=0.1584 val=0.1734  *best
    [Holdout] ep 59 train=0.1563 val=0.1733  *best
    [Holdout] ep 60 train=0.1553 val=0.1730  *best
    [Holdout] ep 61 train=0.1550 val=0.1721  *best
    [Holdout] ep 63 train=0.1535 val=0.1716  *best
    [Holdout] ep 65 train=0.1528 val=0.1712  *best
    [Holdout] ep 67 train=0.1512 val=0.1711  *best
    [Holdout] ep 68 train=0.1509 val=0.1708  *best
    [Holdout] ep 70 train=0.1497 val=0.1711
    [Holdout] ep 71 train=0.1491 val=0.1705  *best
    [Holdout] ep 73 train=0.1480 val=0.1697  *best
    [Holdout] ep 75 train=0.1467 val=0.1696  *best
    [Holdout] ep 76 train=0.1464 val=0.1694  *best
    [Holdout] ep 78 train=0.1451 val=0.1691  *best
    [Holdout] ep 80 train=0.1444 val=0.1693
    [Holdout] ep 82 train=0.1440 val=0.1688  *best
    [Holdout] ep 83 train=0.1432 val=0.1688  *best
    [Holdout] ep 85 train=0.1421 val=0.1687  *best
    [Holdout] ep 86 train=0.1419 val=0.1682  *best
    [Holdout] ep 90 train=0.1399 val=0.1686
    [Holdout] ep 94 train=0.1383 val=0.1677  *best
    [Holdout] ep 95 train=0.1379 val=0.1673  *best
    [Holdout] ep 97 train=0.1372 val=0.1673  *best
    [Holdout] ep 99 train=0.1366 val=0.1672  *best
    [Holdout] ep100 train=0.1361 val=0.1674
    [Holdout] ep101 train=0.1358 val=0.1671  *best
    [Holdout] ep102 train=0.1356 val=0.1669  *best
    [Holdout] ep109 train=0.1333 val=0.1668  *best
    [Holdout] ep110 train=0.1328 val=0.1672
    [Holdout] ep111 train=0.1326 val=0.1663  *best
    [Holdout] ep120 train=0.1300 val=0.1666
    [Holdout] ep122 train=0.1295 val=0.1659  *best
    [Holdout] ep130 train=0.1280 val=0.1663
    [Holdout] ep139 train=0.1257 val=0.1657  *best
    [Holdout] ep140 train=0.1260 val=0.1659
    [Holdout] ep142 train=0.1253 val=0.1657  *best
    [Holdout] ep150 train=0.1242 val=0.1656  *best
    [Holdout] ep160 train=0.1229 val=0.1658
    [Holdout] ep161 train=0.1231 val=0.1654  *best
    [Holdout] ep170 train=0.1221 val=0.1658
    [Holdout] ep180 train=0.1214 val=0.1657
    [Holdout] 绝对消光: R²=0.4374 RMSE=0.0908 MAE=0.0379  GCF R²=0.403(MAE=0.041, n=2079) (best ep161)

[Holdout_E2b] 折数 1   —— 逐层指标 = 绝对消光 σ(km⁻¹)
  全局 R²   : 0.4374 ± 0.0000
  全局 RMSE : 0.0908 ± 0.0000
  全局 MAE  : 0.0379 ± 0.0000
  GCF  R²   : 0.4032 ± 0.0000   MAE 0.0410   (n=2079)   ← 只用训练所涉样本
  逐层 R²(绝对消光;L00=最低层 → L31=最高层):
    L00= 0.254  L01= 0.398  L02= 0.313  L03= 0.196  L04= 0.196  L05= 0.203  L06= 0.288  L07= 0.303
    L08= 0.280  L09= 0.284  L10= 0.220  L11= 0.299  L12= 0.322  L13= 0.312  L14= 0.301  L15= 0.299
    L16= 0.382  L17= 0.369  L18= 0.430  L19= 0.468  L20= 0.453  L21= 0.427  L22= 0.474  L23= 0.539
    L24= 0.582  L25= 0.724  L26= 0.727  L27= 0.691  L28= 0.782  L29= 0.704  L30= 0.511  L31= 0.385
  预测值已落盘: train_exp_E2b\results\predictions_Holdout_E2b.npz  (2.3 MB)  → 可用 Plot_Training_Results.py 重画
  图: train_exp_E2b\plots\per_layer_r2_Holdout_E2b.png
  图: train_exp_E2b\plots\gcf_scatter_Holdout_E2b.png

[提示] 默认不跑空间/时间 CV 与全量模型;需要时加 --cv(空间+时间 CV)或 --final(全量模型,并存 model_final.pt)

[DONE]
