==============================================================================
ACDL×ERA5 MatchV2 训练
  样本目录: D:/matchdata_fixed_case5
  输出目录: train_fixed_case5_frac
  设备: cpu  epochs=200 batch=256 lr=0.0003 d_model=128
==============================================================================
[DATA] 找到 30 个匹配文件
  ACDL_ERA5_MatchV2_20220601.mat: 1361 样本 (+3 列)
  ACDL_ERA5_MatchV2_20220602.mat: 1007 样本 (+3 列)
  ACDL_ERA5_MatchV2_20220603.mat: 1346 样本 (+3 列)
  ACDL_ERA5_MatchV2_20220604.mat: 1243 样本 (+3 列)
  ACDL_ERA5_MatchV2_20220605.mat: 1256 样本 (+3 列)
  ACDL_ERA5_MatchV2_20220606.mat: 1341 样本 (+3 列)
  ACDL_ERA5_MatchV2_20220607.mat: 1182 样本 (+3 列)
  ACDL_ERA5_MatchV2_20220608.mat: 1354 样本 (+3 列)
  ACDL_ERA5_MatchV2_20220609.mat: 1184 样本 (+3 列)
  ACDL_ERA5_MatchV2_20220610.mat: 1277 样本 (+3 列)
  ACDL_ERA5_MatchV2_20220611.mat: 1219 样本 (+3 列)
  ACDL_ERA5_MatchV2_20220612.mat: 1102 样本 (+3 列)
  ACDL_ERA5_MatchV2_20220613.mat: 1327 样本 (+3 列)
  ACDL_ERA5_MatchV2_20220614.mat: 1199 样本 (+3 列)
  ACDL_ERA5_MatchV2_20220615.mat: 1365 样本 (+3 列)
  ACDL_ERA5_MatchV2_20220616.mat: 598 样本 (+3 列)
  ACDL_ERA5_MatchV2_20220617.mat: 1107 样本 (+3 列)
  ACDL_ERA5_MatchV2_20220618.mat: 1010 样本 (+3 列)
  ACDL_ERA5_MatchV2_20220619.mat: 1282 样本 (+3 列)
  ACDL_ERA5_MatchV2_20220620.mat: 1312 样本 (+3 列)
  ACDL_ERA5_MatchV2_20220621.mat: 945 样本 (+3 列)
  ACDL_ERA5_MatchV2_20220622.mat: 1352 样本 (+3 列)
  ACDL_ERA5_MatchV2_20220623.mat: 427 样本 (+3 列)
  ACDL_ERA5_MatchV2_20220624.mat: 1358 样本 (+3 列)
  ACDL_ERA5_MatchV2_20220625.mat: 1192 样本 (+3 列)
  ACDL_ERA5_MatchV2_20220626.mat: 1140 样本 (+3 列)
  ACDL_ERA5_MatchV2_20220627.mat: 1293 样本 (+3 列)
  ACDL_ERA5_MatchV2_20220628.mat: 1037 样本 (+3 列)
  ACDL_ERA5_MatchV2_20220629.mat: 965 样本 (+3 列)
  ACDL_ERA5_MatchV2_20220630.mat: 1079 样本 (+3 列)
[DATA] 合计 34860 样本,X=(34860, 103),y=(34860, 32);目标有效率 82.3%
[DATA] 额外列 3 个: ['BLH_m', 'TCWV_kgm2', 'Z_sfc_m'];Z_sfc 用于修正 L00 厚度(中位 298 m)
[DATA] 参与训练 34860 样本;目标有效率 82.3%
[TARGET] 模式 = frac(厚度加权逐层占比 f_l,只学形状)
[COLS] 额外 token 维度 = 3 (['BLH_m', 'TCWV_kgm2', 'Z_sfc_m'])

[TARGET] 目标可行性统计
  样本 34860;每层有效数(前 8 层): L00=10192 L01=14266 L02=16561 L03=18144 L04=19853 L05=21693 L06=23080 L07=23952
  每层有效数(后 8 层): L24=34831 L25=34854 L26=34860 L27=34860 L28=34860 L29=34860 L30=34860 L31=34860
  形状目标可用样本: 34689/34860 (99.5%)   [需 ≥10 层 且 厚度覆盖 ≥50%]
  柱含量可用样本  : 34860/34860 (100.0%)
  近地面窗口(层底 < 500 m)包含层: L00, L01, L02, L03, L04, L05, L06
  近地面完整样本  : 10198/34860 (29.3%)   ← 这些才可用于 GCF 评估
  GCF(近地面 500 m 占比)分位数: p5=0.013 p25=0.030 p50=0.056 p75=0.109 p95=0.262
  GCF 均值 0.086 ± 0.085(仅统计近地面完整的样本)
  柱光学厚度分位数: p5=0.214 p50=0.846 p95=2.344

[HOLDOUT] 随机留出 20%(train=27888, test=6972) —— 注意:随机划分,同格点/同时次样本可能跨集,结果偏乐观
C:\Users\admin\Desktop\Main_ACDL_ERA5_SpatiotemporalAttention_DL\Train_ACDL_ERA5_MatchV2.py:366: UserWarning: enable_nested_tensor is True, but self.use_nested_tensor is False because encoder_layer.norm_first was True
  self.transformer = nn.TransformerEncoder(enc, num_layers=n_layers)
    [Holdout] ep  1 train=0.2751 val=0.2328  *best
    [Holdout] ep  2 train=0.2375 val=0.2236  *best
    [Holdout] ep  3 train=0.2292 val=0.2183  *best
    [Holdout] ep  4 train=0.2240 val=0.2157  *best
    [Holdout] ep  5 train=0.2196 val=0.2118  *best
    [Holdout] ep  6 train=0.2164 val=0.2093  *best
    [Holdout] ep  8 train=0.2107 val=0.2062  *best
    [Holdout] ep  9 train=0.2084 val=0.2035  *best
    [Holdout] ep 10 train=0.2068 val=0.2018  *best
    [Holdout] ep 11 train=0.2042 val=0.2001  *best
    [Holdout] ep 12 train=0.2019 val=0.1992  *best
    [Holdout] ep 13 train=0.2003 val=0.1969  *best
    [Holdout] ep 15 train=0.1970 val=0.1950  *best
    [Holdout] ep 16 train=0.1956 val=0.1941  *best
    [Holdout] ep 17 train=0.1941 val=0.1924  *best
    [Holdout] ep 18 train=0.1926 val=0.1916  *best
    [Holdout] ep 19 train=0.1910 val=0.1915  *best
    [Holdout] ep 20 train=0.1896 val=0.1898  *best
    [Holdout] ep 21 train=0.1885 val=0.1896  *best
    [Holdout] ep 22 train=0.1871 val=0.1875  *best
    [Holdout] ep 23 train=0.1859 val=0.1871  *best
    [Holdout] ep 24 train=0.1844 val=0.1860  *best
    [Holdout] ep 26 train=0.1823 val=0.1847  *best
    [Holdout] ep 27 train=0.1811 val=0.1840  *best
    [Holdout] ep 28 train=0.1795 val=0.1827  *best
    [Holdout] ep 30 train=0.1776 val=0.1832
    [Holdout] ep 31 train=0.1766 val=0.1813  *best
    [Holdout] ep 32 train=0.1756 val=0.1810  *best
    [Holdout] ep 33 train=0.1740 val=0.1802  *best
    [Holdout] ep 34 train=0.1736 val=0.1793  *best
    [Holdout] ep 35 train=0.1725 val=0.1787  *best
    [Holdout] ep 36 train=0.1711 val=0.1786  *best
    [Holdout] ep 37 train=0.1705 val=0.1773  *best
    [Holdout] ep 39 train=0.1683 val=0.1772  *best
    [Holdout] ep 40 train=0.1674 val=0.1765  *best
    [Holdout] ep 41 train=0.1666 val=0.1761  *best
    [Holdout] ep 42 train=0.1660 val=0.1761  *best
    [Holdout] ep 43 train=0.1646 val=0.1756  *best
    [Holdout] ep 44 train=0.1640 val=0.1740  *best
    [Holdout] ep 46 train=0.1621 val=0.1729  *best
    [Holdout] ep 50 train=0.1593 val=0.1723  *best
    [Holdout] ep 51 train=0.1585 val=0.1719  *best
    [Holdout] ep 52 train=0.1580 val=0.1713  *best
    [Holdout] ep 54 train=0.1561 val=0.1712  *best
    [Holdout] ep 55 train=0.1555 val=0.1707  *best
    [Holdout] ep 56 train=0.1550 val=0.1702  *best
    [Holdout] ep 58 train=0.1533 val=0.1697  *best
    [Holdout] ep 60 train=0.1521 val=0.1695  *best
    [Holdout] ep 62 train=0.1504 val=0.1693  *best
    [Holdout] ep 63 train=0.1503 val=0.1689  *best
    [Holdout] ep 65 train=0.1488 val=0.1681  *best
    [Holdout] ep 69 train=0.1467 val=0.1673  *best
    [Holdout] ep 70 train=0.1458 val=0.1673  *best
    [Holdout] ep 71 train=0.1448 val=0.1666  *best
    [Holdout] ep 73 train=0.1442 val=0.1666  *best
    [Holdout] ep 75 train=0.1429 val=0.1661  *best
    [Holdout] ep 76 train=0.1425 val=0.1661  *best
    [Holdout] ep 77 train=0.1417 val=0.1653  *best
    [Holdout] ep 80 train=0.1400 val=0.1652  *best
    [Holdout] ep 81 train=0.1397 val=0.1652  *best
    [Holdout] ep 82 train=0.1394 val=0.1650  *best
    [Holdout] ep 83 train=0.1388 val=0.1648  *best
    [Holdout] ep 87 train=0.1370 val=0.1643  *best
    [Holdout] ep 88 train=0.1366 val=0.1639  *best
    [Holdout] ep 90 train=0.1358 val=0.1644
    [Holdout] ep 93 train=0.1343 val=0.1635  *best
    [Holdout] ep 98 train=0.1324 val=0.1634  *best
    [Holdout] ep100 train=0.1315 val=0.1633  *best
    [Holdout] ep103 train=0.1304 val=0.1628  *best
    [Holdout] ep107 train=0.1288 val=0.1622  *best
    [Holdout] ep110 train=0.1284 val=0.1626
    [Holdout] ep111 train=0.1278 val=0.1617  *best
    [Holdout] ep120 train=0.1252 val=0.1622
    [Holdout] ep121 train=0.1247 val=0.1612  *best
    [Holdout] ep129 train=0.1227 val=0.1610  *best
    [Holdout] ep130 train=0.1224 val=0.1617
    [Holdout] ep140 train=0.1206 val=0.1617
    [Holdout] ep143 train=0.1201 val=0.1610  *best
    [Holdout] ep144 train=0.1194 val=0.1608  *best
    [Holdout] ep150 train=0.1188 val=0.1607  *best
    [Holdout] ep160 train=0.1174 val=0.1610
    [Holdout] ep163 train=0.1171 val=0.1607  *best
    [Holdout] ep170 train=0.1164 val=0.1611
    [Holdout] ep180 train=0.1157 val=0.1608
    [Holdout] 绝对消光: R²=-19.9165 RMSE=0.5470 MAE=0.0411  GCF R²=0.411(MAE=0.042, n=2079) (best ep163)

[Holdout] 折数 1   —— 逐层指标 = 绝对消光 σ(km⁻¹)
  全局 R²   : -19.9165 ± 0.0000
  全局 RMSE : 0.5470 ± 0.0000
  全局 MAE  : 0.0411 ± 0.0000
  GCF  R²   : 0.4111 ± 0.0000   MAE 0.0416   (n=2079)   ← 只用训练所涉样本
  逐层 R²(绝对消光;L00=最低层 → L31=最高层):
    L00=-340.988  L01=-0.020  L02=-1.741  L03=-501.786  L04= 0.192  L05= 0.260  L06= 0.368  L07= 0.401
    L08= 0.367  L09= 0.370  L10= 0.365  L11= 0.369  L12= 0.308  L13= 0.329  L14= 0.379  L15= 0.430
    L16= 0.489  L17= 0.505  L18= 0.532  L19= 0.593  L20= 0.607  L21= 0.649  L22= 0.709  L23= 0.723
    L24= 0.677  L25= 0.664  L26= 0.640  L27= 0.503  L28= 0.350  L29=-0.196  L30=-0.522  L31=-0.641
  预测值已落盘: train_fixed_case5_frac\results\predictions_Holdout.npz  (1.5 MB)  → 可用 Plot_Training_Results.py 重画
  (--no-plots:跳过出图;以后可运行 python Plot_Training_Results.py --run-dir train_fixed_case5_frac --tags Holdout)

[提示] 默认不跑空间/时间 CV 与全量模型;需要时加 --cv(空间+时间 CV)或 --final(全量模型,并存 model_final.pt)

[DONE]
