==============================================================================
ACDL×ERA5 MatchV2 训练
  样本目录: D:/matchdata_agl_case5
  输出目录: 结果汇总\runs\train_agl_b0
  设备: cpu  epochs=200 batch=256 lr=0.0003 d_model=128
  开关: target=abs  w_profile=none  log_target=False  softplus=False  tag=AGLB0
==============================================================================
[DATA] 找到 30 个匹配文件
  ACDL_ERA5_MatchV2_20220601.mat: 1361 样本 (+3 列)
  ACDL_ERA5_MatchV2_20220602.mat: 1007 样本 (+3 列)
  ACDL_ERA5_MatchV2_20220603.mat: 1346 样本 (+3 列)
  ACDL_ERA5_MatchV2_20220604.mat: 1243 样本 (+3 列)
  ACDL_ERA5_MatchV2_20220605.mat: 1256 样本 (+3 列)
  ACDL_ERA5_MatchV2_20220606.mat: 1341 样本 (+3 列)
  ACDL_ERA5_MatchV2_20220607.mat: 1182 样本 (+3 列)
  ACDL_ERA5_MatchV2_20220608.mat: 1354 样本 (+3 列)
  ACDL_ERA5_MatchV2_20220609.mat: 1184 样本 (+3 列)
  ACDL_ERA5_MatchV2_20220610.mat: 1277 样本 (+3 列)
  ACDL_ERA5_MatchV2_20220611.mat: 1219 样本 (+3 列)
  ACDL_ERA5_MatchV2_20220612.mat: 1102 样本 (+3 列)
  ACDL_ERA5_MatchV2_20220613.mat: 1327 样本 (+3 列)
  ACDL_ERA5_MatchV2_20220614.mat: 1199 样本 (+3 列)
  ACDL_ERA5_MatchV2_20220615.mat: 1365 样本 (+3 列)
  ACDL_ERA5_MatchV2_20220616.mat: 598 样本 (+3 列)
  ACDL_ERA5_MatchV2_20220617.mat: 1107 样本 (+3 列)
  ACDL_ERA5_MatchV2_20220618.mat: 1010 样本 (+3 列)
  ACDL_ERA5_MatchV2_20220619.mat: 1282 样本 (+3 列)
  ACDL_ERA5_MatchV2_20220620.mat: 1312 样本 (+3 列)
  ACDL_ERA5_MatchV2_20220621.mat: 945 样本 (+3 列)
  ACDL_ERA5_MatchV2_20220622.mat: 1352 样本 (+3 列)
  ACDL_ERA5_MatchV2_20220623.mat: 427 样本 (+3 列)
  ACDL_ERA5_MatchV2_20220624.mat: 1358 样本 (+3 列)
  ACDL_ERA5_MatchV2_20220625.mat: 1192 样本 (+3 列)
  ACDL_ERA5_MatchV2_20220626.mat: 1140 样本 (+3 列)
  ACDL_ERA5_MatchV2_20220627.mat: 1293 样本 (+3 列)
  ACDL_ERA5_MatchV2_20220628.mat: 1037 样本 (+3 列)
  ACDL_ERA5_MatchV2_20220629.mat: 965 样本 (+3 列)
  ACDL_ERA5_MatchV2_20220630.mat: 1079 样本 (+3 列)
[DATA] 合计 34860 样本,X=(34860, 103),y=(34860, 32);目标有效率 91.3%
[DATA] 额外列 3 个: ['BLH_m', 'TCWV_kgm2', 'Z_sfc_m'];Z_sfc 用于修正 L00 厚度(中位 298 m)
[DATA] 参与训练 34860 样本;目标有效率 91.3%
[TARGET] 模式 = abs(绝对消光 σ_l, km⁻¹)
[VERTICAL] agl 产物:dz/GCF 使用 DEM_m(真实地表) 替代 Z_sfc;DEM_m 中位 228 m
[COLS] 额外 token 维度 = 3 (['BLH_m', 'TCWV_kgm2', 'Z_sfc_m'])

[TARGET] 目标可行性统计
  样本 34860;每层有效数(前 8 层): L00=20039 L01=25489 L02=27091 L03=27437 L04=27819 L05=28186 L06=28566 L07=29025
  每层有效数(后 8 层): L24=34860 L25=34860 L26=34860 L27=34860 L28=34860 L29=34860 L30=34860 L31=34860
  形状目标可用样本: 34853/34860 (100.0%)   [需 ≥10 层 且 厚度覆盖 ≥50%]
  柱含量可用样本  : 34860/34860 (100.0%)
  近地面窗口(层底 < 500 m)包含层: L00, L01, L02, L03, L04, L05, L06
  近地面完整样本  : 19574/34860 (56.2%)   ← 这些才可用于 GCF 评估
  GCF(近地面 500 m 占比)分位数: p5=0.023 p25=0.059 p50=0.110 p75=0.219 p95=0.622
  GCF 均值 0.177 ± 0.185(仅统计近地面完整的样本)
  柱光学厚度分位数: p5=0.203 p50=0.888 p95=2.183

[HOLDOUT] 随机留出 20%(train=27888, test=6972) —— 注意:随机划分,同格点/同时次样本可能跨集,结果偏乐观
C:\Users\admin\Desktop\Main_ACDL_ERA5_SpatiotemporalAttention_DL\Train_ACDL_ERA5_MatchV2.py:415: UserWarning: enable_nested_tensor is True, but self.use_nested_tensor is False because encoder_layer.norm_first was True
  self.transformer = nn.TransformerEncoder(enc, num_layers=n_layers)
    [Holdout] ep  1 train=0.2768 val=0.2431  *best
    [Holdout] ep  2 train=0.2430 val=0.2358  *best
    [Holdout] ep  3 train=0.2361 val=0.2306  *best
    [Holdout] ep  4 train=0.2316 val=0.2282  *best
    [Holdout] ep  5 train=0.2276 val=0.2249  *best
    [Holdout] ep  6 train=0.2250 val=0.2224  *best
    [Holdout] ep  7 train=0.2226 val=0.2213  *best
    [Holdout] ep  8 train=0.2207 val=0.2193  *best
    [Holdout] ep  9 train=0.2186 val=0.2184  *best
    [Holdout] ep 10 train=0.2173 val=0.2165  *best
    [Holdout] ep 11 train=0.2155 val=0.2158  *best
    [Holdout] ep 12 train=0.2139 val=0.2138  *best
    [Holdout] ep 13 train=0.2124 val=0.2130  *best
    [Holdout] ep 14 train=0.2110 val=0.2115  *best
    [Holdout] ep 15 train=0.2096 val=0.2107  *best
    [Holdout] ep 16 train=0.2085 val=0.2096  *best
    [Holdout] ep 17 train=0.2072 val=0.2086  *best
    [Holdout] ep 18 train=0.2063 val=0.2074  *best
    [Holdout] ep 20 train=0.2037 val=0.2051  *best
    [Holdout] ep 22 train=0.2018 val=0.2045  *best
    [Holdout] ep 23 train=0.2005 val=0.2035  *best
    [Holdout] ep 24 train=0.1995 val=0.2027  *best
    [Holdout] ep 26 train=0.1976 val=0.2021  *best
    [Holdout] ep 27 train=0.1963 val=0.2008  *best
    [Holdout] ep 28 train=0.1956 val=0.2000  *best
    [Holdout] ep 30 train=0.1936 val=0.1998  *best
    [Holdout] ep 31 train=0.1928 val=0.1990  *best
    [Holdout] ep 32 train=0.1918 val=0.1981  *best
    [Holdout] ep 33 train=0.1909 val=0.1975  *best
    [Holdout] ep 35 train=0.1890 val=0.1968  *best
    [Holdout] ep 37 train=0.1874 val=0.1966  *best
    [Holdout] ep 38 train=0.1864 val=0.1963  *best
    [Holdout] ep 39 train=0.1858 val=0.1943  *best
    [Holdout] ep 40 train=0.1850 val=0.1950
    [Holdout] ep 41 train=0.1844 val=0.1938  *best
    [Holdout] ep 43 train=0.1828 val=0.1936  *best
    [Holdout] ep 44 train=0.1818 val=0.1925  *best
    [Holdout] ep 46 train=0.1806 val=0.1921  *best
    [Holdout] ep 49 train=0.1785 val=0.1912  *best
    [Holdout] ep 50 train=0.1778 val=0.1922
    [Holdout] ep 51 train=0.1774 val=0.1909  *best
    [Holdout] ep 54 train=0.1752 val=0.1900  *best
    [Holdout] ep 55 train=0.1743 val=0.1899  *best
    [Holdout] ep 56 train=0.1740 val=0.1894  *best
    [Holdout] ep 59 train=0.1721 val=0.1891  *best
    [Holdout] ep 60 train=0.1716 val=0.1886  *best
    [Holdout] ep 61 train=0.1713 val=0.1884  *best
    [Holdout] ep 62 train=0.1705 val=0.1881  *best
    [Holdout] ep 65 train=0.1690 val=0.1879  *best
    [Holdout] ep 66 train=0.1682 val=0.1871  *best
    [Holdout] ep 70 train=0.1657 val=0.1871  *best
    [Holdout] ep 72 train=0.1651 val=0.1869  *best
    [Holdout] ep 73 train=0.1645 val=0.1866  *best
    [Holdout] ep 74 train=0.1643 val=0.1864  *best
    [Holdout] ep 76 train=0.1632 val=0.1862  *best
    [Holdout] ep 77 train=0.1627 val=0.1857  *best
    [Holdout] ep 80 train=0.1610 val=0.1860
    [Holdout] ep 83 train=0.1595 val=0.1856  *best
    [Holdout] ep 88 train=0.1581 val=0.1854  *best
    [Holdout] ep 90 train=0.1570 val=0.1856
    [Holdout] ep 92 train=0.1562 val=0.1852  *best
    [Holdout] ep 93 train=0.1553 val=0.1852  *best
    [Holdout] ep 94 train=0.1555 val=0.1846  *best
    [Holdout] ep 99 train=0.1534 val=0.1845  *best
    [Holdout] ep100 train=0.1531 val=0.1844  *best
    [Holdout] ep101 train=0.1527 val=0.1841  *best
    [Holdout] ep104 train=0.1518 val=0.1838  *best
    [Holdout] ep109 train=0.1504 val=0.1837  *best
    [Holdout] ep110 train=0.1499 val=0.1840
    [Holdout] ep112 train=0.1491 val=0.1837  *best
    [Holdout] ep113 train=0.1491 val=0.1835  *best
    [Holdout] ep118 train=0.1475 val=0.1831  *best
    [Holdout] ep120 train=0.1470 val=0.1844
    [Holdout] ep130 train=0.1448 val=0.1839
    [Holdout] 绝对消光: R²=0.4797 RMSE=0.0839 MAE=0.0363  GCF R²=0.605(MAE=0.070, n=3903) (best ep118)

[Holdout_AGLB0] 折数 1   —— 逐层指标 = 绝对消光 σ(km⁻¹)
  全局 R²   : 0.4797 ± 0.0000
  全局 RMSE : 0.0839 ± 0.0000
  全局 MAE  : 0.0363 ± 0.0000
  GCF  R²   : 0.6053 ± 0.0000   MAE 0.0704   (n=3903)   ← 只用训练所涉样本
  逐层 R²(绝对消光;L00=最低层 → L31=最高层):
    L00= 0.164  L01= 0.199  L02= 0.321  L03= 0.313  L04= 0.310  L05= 0.328  L06= 0.343  L07= 0.356
    L08= 0.353  L09= 0.331  L10= 0.337  L11= 0.350  L12= 0.356  L13= 0.404  L14= 0.417  L15= 0.439
    L16= 0.496  L17= 0.527  L18= 0.532  L19= 0.507  L20= 0.569  L21= 0.626  L22= 0.725  L23= 0.780
    L24= 0.773  L25= 0.616  L26= 0.722  L27= 0.665  L28= 0.585  L29= 0.521  L30= 0.491  L31= 0.258
  预测值已落盘: 结果汇总\runs\train_agl_b0\results\predictions_Holdout_AGLB0.npz  (1.8 MB)  → 可用 Plot_Training_Results.py 重画
  图: 结果汇总\runs\train_agl_b0\plots\per_layer_r2_Holdout_AGLB0.png
  图: 结果汇总\runs\train_agl_b0\plots\gcf_scatter_Holdout_AGLB0.png

[提示] 默认不跑空间/时间 CV 与全量模型;需要时加 --cv(空间+时间 CV)或 --final(全量模型,并存 model_final.pt)

[DONE]
[OK] train_agl_b0
