==============================================================================
ACDL×ERA5 MatchV2 训练
  样本目录: D:/matchdata_agl_case5
  输出目录: 结果汇总\runs\train_agl_e2c
  设备: cpu  epochs=200 batch=256 lr=0.0003 d_model=128
  开关: target=abs  w_profile=none  log_target=False  softplus=True  tag=AGL_E2C
==============================================================================
[DATA] 找到 30 个匹配文件
  ACDL_ERA5_MatchV2_20220601.mat: 1361 样本 (+3 列)
  ACDL_ERA5_MatchV2_20220602.mat: 1007 样本 (+3 列)
  ACDL_ERA5_MatchV2_20220603.mat: 1346 样本 (+3 列)
  ACDL_ERA5_MatchV2_20220604.mat: 1243 样本 (+3 列)
  ACDL_ERA5_MatchV2_20220605.mat: 1256 样本 (+3 列)
  ACDL_ERA5_MatchV2_20220606.mat: 1341 样本 (+3 列)
  ACDL_ERA5_MatchV2_20220607.mat: 1182 样本 (+3 列)
  ACDL_ERA5_MatchV2_20220608.mat: 1354 样本 (+3 列)
  ACDL_ERA5_MatchV2_20220609.mat: 1184 样本 (+3 列)
  ACDL_ERA5_MatchV2_20220610.mat: 1277 样本 (+3 列)
  ACDL_ERA5_MatchV2_20220611.mat: 1219 样本 (+3 列)
  ACDL_ERA5_MatchV2_20220612.mat: 1102 样本 (+3 列)
  ACDL_ERA5_MatchV2_20220613.mat: 1327 样本 (+3 列)
  ACDL_ERA5_MatchV2_20220614.mat: 1199 样本 (+3 列)
  ACDL_ERA5_MatchV2_20220615.mat: 1365 样本 (+3 列)
  ACDL_ERA5_MatchV2_20220616.mat: 598 样本 (+3 列)
  ACDL_ERA5_MatchV2_20220617.mat: 1107 样本 (+3 列)
  ACDL_ERA5_MatchV2_20220618.mat: 1010 样本 (+3 列)
  ACDL_ERA5_MatchV2_20220619.mat: 1282 样本 (+3 列)
  ACDL_ERA5_MatchV2_20220620.mat: 1312 样本 (+3 列)
  ACDL_ERA5_MatchV2_20220621.mat: 945 样本 (+3 列)
  ACDL_ERA5_MatchV2_20220622.mat: 1352 样本 (+3 列)
  ACDL_ERA5_MatchV2_20220623.mat: 427 样本 (+3 列)
  ACDL_ERA5_MatchV2_20220624.mat: 1358 样本 (+3 列)
  ACDL_ERA5_MatchV2_20220625.mat: 1192 样本 (+3 列)
  ACDL_ERA5_MatchV2_20220626.mat: 1140 样本 (+3 列)
  ACDL_ERA5_MatchV2_20220627.mat: 1293 样本 (+3 列)
  ACDL_ERA5_MatchV2_20220628.mat: 1037 样本 (+3 列)
  ACDL_ERA5_MatchV2_20220629.mat: 965 样本 (+3 列)
  ACDL_ERA5_MatchV2_20220630.mat: 1079 样本 (+3 列)
[DATA] 合计 34860 样本,X=(34860, 103),y=(34860, 32);目标有效率 91.3%
[DATA] 额外列 3 个: ['BLH_m', 'TCWV_kgm2', 'Z_sfc_m'];Z_sfc 用于修正 L00 厚度(中位 298 m)
[DATA] 参与训练 34860 样本;目标有效率 91.3%
[TARGET] 模式 = abs(绝对消光 σ_l, km⁻¹)
[VERTICAL] agl 产物:dz/GCF 使用 DEM_m(真实地表) 替代 Z_sfc;DEM_m 中位 228 m
[COLS] 额外 token 维度 = 3 (['BLH_m', 'TCWV_kgm2', 'Z_sfc_m'])

[TARGET] 目标可行性统计
  样本 34860;每层有效数(前 8 层): L00=20039 L01=25489 L02=27091 L03=27437 L04=27819 L05=28186 L06=28566 L07=29025
  每层有效数(后 8 层): L24=34860 L25=34860 L26=34860 L27=34860 L28=34860 L29=34860 L30=34860 L31=34860
  形状目标可用样本: 34853/34860 (100.0%)   [需 ≥10 层 且 厚度覆盖 ≥50%]
  柱含量可用样本  : 34860/34860 (100.0%)
  近地面窗口(层底 < 500 m)包含层: L00, L01, L02, L03, L04, L05, L06
  近地面完整样本  : 19574/34860 (56.2%)   ← 这些才可用于 GCF 评估
  GCF(近地面 500 m 占比)分位数: p5=0.023 p25=0.059 p50=0.110 p75=0.219 p95=0.622
  GCF 均值 0.177 ± 0.185(仅统计近地面完整的样本)
  柱光学厚度分位数: p5=0.203 p50=0.888 p95=2.183

[HOLDOUT] 随机留出 20%(train=27888, test=6972) —— 注意:随机划分,同格点/同时次样本可能跨集,结果偏乐观
C:\Users\admin\Desktop\Main_ACDL_ERA5_SpatiotemporalAttention_DL\scripts\train_acdl_era5_match_v2.py:415: UserWarning: enable_nested_tensor is True, but self.use_nested_tensor is False because encoder_layer.norm_first was True
  self.transformer = nn.TransformerEncoder(enc, num_layers=n_layers)
    [Holdout] ep  1 train=0.0131 val=0.0056  *best
    [Holdout] ep  2 train=0.0056 val=0.0054  *best
    [Holdout] ep  3 train=0.0053 val=0.0050  *best
    [Holdout] ep  4 train=0.0051 val=0.0049  *best
    [Holdout] ep  5 train=0.0049 val=0.0048  *best
    [Holdout] ep  6 train=0.0048 val=0.0047  *best
    [Holdout] ep  7 train=0.0047 val=0.0046  *best
    [Holdout] ep  8 train=0.0047 val=0.0046  *best
    [Holdout] ep  9 train=0.0046 val=0.0046  *best
    [Holdout] ep 10 train=0.0045 val=0.0045  *best
    [Holdout] ep 11 train=0.0045 val=0.0045  *best
    [Holdout] ep 12 train=0.0045 val=0.0044  *best
    [Holdout] ep 13 train=0.0044 val=0.0044  *best
    [Holdout] ep 14 train=0.0044 val=0.0044  *best
    [Holdout] ep 15 train=0.0043 val=0.0044  *best
    [Holdout] ep 16 train=0.0043 val=0.0043  *best
    [Holdout] ep 17 train=0.0043 val=0.0043  *best
    [Holdout] ep 18 train=0.0043 val=0.0043  *best
    [Holdout] ep 19 train=0.0042 val=0.0043  *best
    [Holdout] ep 20 train=0.0042 val=0.0042  *best
    [Holdout] ep 21 train=0.0042 val=0.0042  *best
    [Holdout] ep 22 train=0.0041 val=0.0042  *best
    [Holdout] ep 23 train=0.0041 val=0.0042  *best
    [Holdout] ep 24 train=0.0041 val=0.0041  *best
    [Holdout] ep 25 train=0.0041 val=0.0041  *best
    [Holdout] ep 26 train=0.0040 val=0.0041  *best
    [Holdout] ep 27 train=0.0040 val=0.0041  *best
    [Holdout] ep 28 train=0.0040 val=0.0041  *best
    [Holdout] ep 29 train=0.0039 val=0.0040  *best
    [Holdout] ep 30 train=0.0039 val=0.0040
    [Holdout] ep 32 train=0.0039 val=0.0040  *best
    [Holdout] ep 33 train=0.0038 val=0.0040  *best
    [Holdout] ep 35 train=0.0038 val=0.0039  *best
    [Holdout] ep 38 train=0.0037 val=0.0039  *best
    [Holdout] ep 39 train=0.0037 val=0.0039  *best
    [Holdout] ep 40 train=0.0037 val=0.0039
    [Holdout] ep 41 train=0.0037 val=0.0039  *best
    [Holdout] ep 42 train=0.0036 val=0.0039  *best
    [Holdout] ep 45 train=0.0036 val=0.0038  *best
    [Holdout] ep 48 train=0.0035 val=0.0038  *best
    [Holdout] ep 50 train=0.0035 val=0.0038
    [Holdout] ep 51 train=0.0034 val=0.0038  *best
    [Holdout] ep 54 train=0.0034 val=0.0038  *best
    [Holdout] ep 58 train=0.0033 val=0.0038  *best
    [Holdout] ep 60 train=0.0033 val=0.0038
    [Holdout] ep 63 train=0.0032 val=0.0038  *best
    [Holdout] ep 64 train=0.0032 val=0.0038  *best
    [Holdout] ep 67 train=0.0031 val=0.0037  *best
    [Holdout] ep 70 train=0.0031 val=0.0038
    [Holdout] ep 80 train=0.0029 val=0.0038
    [Holdout] ep 87 train=0.0028 val=0.0037  *best
    [Holdout] ep 90 train=0.0028 val=0.0038
    [Holdout] ep100 train=0.0027 val=0.0038
    [Holdout] 绝对消光: R²=0.4468 RMSE=0.0865 MAE=0.0395  GCF R²=0.542(MAE=0.079, n=3903) (best ep87)

[Holdout_AGL_E2C] 折数 1   —— 逐层指标 = 绝对消光 σ(km⁻¹)
  全局 R²   : 0.4468 ± 0.0000
  全局 RMSE : 0.0865 ± 0.0000
  全局 MAE  : 0.0395 ± 0.0000
  GCF  R²   : 0.5422 ± 0.0000   MAE 0.0791   (n=3903)   ← 只用训练所涉样本
  逐层 R²(绝对消光;L00=最低层 → L31=最高层):
    L00= 0.084  L01= 0.126  L02= 0.241  L03= 0.269  L04= 0.278  L05= 0.320  L06= 0.298  L07= 0.348
    L08= 0.304  L09= 0.280  L10= 0.323  L11= 0.317  L12= 0.322  L13= 0.379  L14= 0.396  L15= 0.427
    L16= 0.493  L17= 0.509  L18= 0.521  L19= 0.483  L20= 0.566  L21= 0.593  L22= 0.674  L23= 0.691
    L24= 0.549  L25= 0.361  L26= 0.423  L27= 0.349  L28= 0.134  L29= 0.157  L30=-0.238  L31=-0.238
  预测值已落盘: 结果汇总\runs\train_agl_e2c\results\predictions_Holdout_AGL_E2C.npz  (1.8 MB)  → 可用 plot_training_results.py 重画
  图: 结果汇总\runs\train_agl_e2c\plots\per_layer_r2_Holdout_AGL_E2C.png
  图: 结果汇总\runs\train_agl_e2c\plots\gcf_scatter_Holdout_AGL_E2C.png

[提示] 默认不跑空间/时间 CV 与全量模型;需要时加 --cv(空间+时间 CV)或 --final(全量模型,并存 model_final.pt)

[DONE]
