==============================================================================
ACDL×ERA5 MatchV2 训练
  样本目录: D:/matchdata_fixed_case5
  输出目录: train_exp_W2
  设备: cpu  epochs=200 batch=256 lr=0.0003 d_model=128
  开关: target=abs  w_profile=decay  log_target=False  softplus=False  tag=W2
==============================================================================
[DATA] 找到 30 个匹配文件
  ACDL_ERA5_MatchV2_20220601.mat: 1361 样本 (+3 列)
  ACDL_ERA5_MatchV2_20220602.mat: 1007 样本 (+3 列)
  ACDL_ERA5_MatchV2_20220603.mat: 1346 样本 (+3 列)
  ACDL_ERA5_MatchV2_20220604.mat: 1243 样本 (+3 列)
  ACDL_ERA5_MatchV2_20220605.mat: 1256 样本 (+3 列)
  ACDL_ERA5_MatchV2_20220606.mat: 1341 样本 (+3 列)
  ACDL_ERA5_MatchV2_20220607.mat: 1182 样本 (+3 列)
  ACDL_ERA5_MatchV2_20220608.mat: 1354 样本 (+3 列)
  ACDL_ERA5_MatchV2_20220609.mat: 1184 样本 (+3 列)
  ACDL_ERA5_MatchV2_20220610.mat: 1277 样本 (+3 列)
  ACDL_ERA5_MatchV2_20220611.mat: 1219 样本 (+3 列)
  ACDL_ERA5_MatchV2_20220612.mat: 1102 样本 (+3 列)
  ACDL_ERA5_MatchV2_20220613.mat: 1327 样本 (+3 列)
  ACDL_ERA5_MatchV2_20220614.mat: 1199 样本 (+3 列)
  ACDL_ERA5_MatchV2_20220615.mat: 1365 样本 (+3 列)
  ACDL_ERA5_MatchV2_20220616.mat: 598 样本 (+3 列)
  ACDL_ERA5_MatchV2_20220617.mat: 1107 样本 (+3 列)
  ACDL_ERA5_MatchV2_20220618.mat: 1010 样本 (+3 列)
  ACDL_ERA5_MatchV2_20220619.mat: 1282 样本 (+3 列)
  ACDL_ERA5_MatchV2_20220620.mat: 1312 样本 (+3 列)
  ACDL_ERA5_MatchV2_20220621.mat: 945 样本 (+3 列)
  ACDL_ERA5_MatchV2_20220622.mat: 1352 样本 (+3 列)
  ACDL_ERA5_MatchV2_20220623.mat: 427 样本 (+3 列)
  ACDL_ERA5_MatchV2_20220624.mat: 1358 样本 (+3 列)
  ACDL_ERA5_MatchV2_20220625.mat: 1192 样本 (+3 列)
  ACDL_ERA5_MatchV2_20220626.mat: 1140 样本 (+3 列)
  ACDL_ERA5_MatchV2_20220627.mat: 1293 样本 (+3 列)
  ACDL_ERA5_MatchV2_20220628.mat: 1037 样本 (+3 列)
  ACDL_ERA5_MatchV2_20220629.mat: 965 样本 (+3 列)
  ACDL_ERA5_MatchV2_20220630.mat: 1079 样本 (+3 列)
[DATA] 合计 34860 样本,X=(34860, 103),y=(34860, 32);目标有效率 82.3%
[DATA] 额外列 3 个: ['BLH_m', 'TCWV_kgm2', 'Z_sfc_m'];Z_sfc 用于修正 L00 厚度(中位 298 m)
[DATA] 参与训练 34860 样本;目标有效率 82.3%
[TARGET] 模式 = abs(绝对消光 σ_l, km⁻¹)
[COLS] 额外 token 维度 = 3 (['BLH_m', 'TCWV_kgm2', 'Z_sfc_m'])

[TARGET] 目标可行性统计
  样本 34860;每层有效数(前 8 层): L00=10192 L01=14266 L02=16561 L03=18144 L04=19853 L05=21693 L06=23080 L07=23952
  每层有效数(后 8 层): L24=34831 L25=34854 L26=34860 L27=34860 L28=34860 L29=34860 L30=34860 L31=34860
  形状目标可用样本: 34689/34860 (99.5%)   [需 ≥10 层 且 厚度覆盖 ≥50%]
  柱含量可用样本  : 34860/34860 (100.0%)
  近地面窗口(层底 < 500 m)包含层: L00, L01, L02, L03, L04, L05, L06
  近地面完整样本  : 10198/34860 (29.3%)   ← 这些才可用于 GCF 评估
  GCF(近地面 500 m 占比)分位数: p5=0.013 p25=0.030 p50=0.056 p75=0.109 p95=0.262
  GCF 均值 0.086 ± 0.085(仅统计近地面完整的样本)
  柱光学厚度分位数: p5=0.214 p50=0.846 p95=2.344

[HOLDOUT] 随机留出 20%(train=27888, test=6972) —— 注意:随机划分,同格点/同时次样本可能跨集,结果偏乐观
[W] 低层加权 decay: w=exp(-层底/τ), τ=3.0 km; w(L00)=1.00 w(≈5km)=0.23 w(≈10km)=0.04
C:\Users\admin\Desktop\Main_ACDL_ERA5_SpatiotemporalAttention_DL\Train_ACDL_ERA5_MatchV2.py:382: UserWarning: enable_nested_tensor is True, but self.use_nested_tensor is False because encoder_layer.norm_first was True
  self.transformer = nn.TransformerEncoder(enc, num_layers=n_layers)
    [Holdout] ep  1 train=0.2981 val=0.2632  *best
    [Holdout] ep  2 train=0.2620 val=0.2544  *best
    [Holdout] ep  3 train=0.2538 val=0.2480  *best
    [Holdout] ep  4 train=0.2484 val=0.2457  *best
    [Holdout] ep  5 train=0.2444 val=0.2437  *best
    [Holdout] ep  6 train=0.2417 val=0.2410  *best
    [Holdout] ep  7 train=0.2385 val=0.2405  *best
    [Holdout] ep  8 train=0.2363 val=0.2388  *best
    [Holdout] ep 10 train=0.2327 val=0.2363  *best
    [Holdout] ep 11 train=0.2308 val=0.2346  *best
    [Holdout] ep 12 train=0.2293 val=0.2343  *best
    [Holdout] ep 13 train=0.2273 val=0.2333  *best
    [Holdout] ep 14 train=0.2261 val=0.2314  *best
    [Holdout] ep 17 train=0.2222 val=0.2295  *best
    [Holdout] ep 18 train=0.2201 val=0.2277  *best
    [Holdout] ep 20 train=0.2179 val=0.2288
    [Holdout] ep 22 train=0.2157 val=0.2274  *best
    [Holdout] ep 23 train=0.2145 val=0.2261  *best
    [Holdout] ep 24 train=0.2133 val=0.2261  *best
    [Holdout] ep 25 train=0.2123 val=0.2260  *best
    [Holdout] ep 26 train=0.2114 val=0.2250  *best
    [Holdout] ep 27 train=0.2103 val=0.2235  *best
    [Holdout] ep 28 train=0.2089 val=0.2234  *best
    [Holdout] ep 30 train=0.2074 val=0.2247
    [Holdout] ep 31 train=0.2064 val=0.2223  *best
    [Holdout] ep 33 train=0.2048 val=0.2220  *best
    [Holdout] ep 36 train=0.2017 val=0.2210  *best
    [Holdout] ep 38 train=0.2005 val=0.2200  *best
    [Holdout] ep 40 train=0.1983 val=0.2192  *best
    [Holdout] ep 49 train=0.1917 val=0.2188  *best
    [Holdout] ep 50 train=0.1904 val=0.2186  *best
    [Holdout] ep 52 train=0.1890 val=0.2177  *best
    [Holdout] ep 60 train=0.1827 val=0.2193
    [Holdout] ep 70 train=0.1767 val=0.2192
    [Holdout] 绝对消光: R²=0.3940 RMSE=0.0942 MAE=0.0447  GCF R²=0.298(MAE=0.045, n=2079) (best ep52)

[Holdout_W2] 折数 1   —— 逐层指标 = 绝对消光 σ(km⁻¹)
  全局 R²   : 0.3940 ± 0.0000
  全局 RMSE : 0.0942 ± 0.0000
  全局 MAE  : 0.0447 ± 0.0000
  GCF  R²   : 0.2981 ± 0.0000   MAE 0.0447   (n=2079)   ← 只用训练所涉样本
  逐层 R²(绝对消光;L00=最低层 → L31=最高层):
    L00= 0.319  L01= 0.431  L02= 0.367  L03= 0.262  L04= 0.253  L05= 0.268  L06= 0.379  L07= 0.350
    L08= 0.331  L09= 0.315  L10= 0.278  L11= 0.321  L12= 0.345  L13= 0.320  L14= 0.297  L15= 0.312
    L16= 0.341  L17= 0.358  L18= 0.354  L19= 0.386  L20= 0.357  L21= 0.339  L22= 0.330  L23= 0.353
    L24= 0.407  L25= 0.408  L26= 0.263  L27= 0.242  L28= 0.639  L29= 0.536  L30= 0.358  L31= 0.251
  预测值已落盘: train_exp_W2\results\predictions_Holdout_W2.npz  (2.3 MB)  → 可用 Plot_Training_Results.py 重画
  图: train_exp_W2\plots\per_layer_r2_Holdout_W2.png
  图: train_exp_W2\plots\gcf_scatter_Holdout_W2.png

[提示] 默认不跑空间/时间 CV 与全量模型;需要时加 --cv(空间+时间 CV)或 --final(全量模型,并存 model_final.pt)

[DONE]
