C:\Users\admin\Desktop\Main_ACDL_ERA5_SpatiotemporalAttention_DL\Train_ACDL_ERA5_MatchV2.py:382: UserWarning: enable_nested_tensor is True, but self.use_nested_tensor is False because encoder_layer.norm_first was True
  self.transformer = nn.TransformerEncoder(enc, num_layers=n_layers)
==============================================================================
ACDL×ERA5 MatchV2 训练
  样本目录: D:/matchdata_fixed_case5
  输出目录: train_exp_E2c
  设备: cpu  epochs=200 batch=256 lr=0.0003 d_model=128
  开关: target=abs  w_profile=none  log_target=False  softplus=True  tag=E2c
==============================================================================
[DATA] 找到 30 个匹配文件
  ACDL_ERA5_MatchV2_20220601.mat: 1361 样本 (+3 列)
  ACDL_ERA5_MatchV2_20220602.mat: 1007 样本 (+3 列)
  ACDL_ERA5_MatchV2_20220603.mat: 1346 样本 (+3 列)
  ACDL_ERA5_MatchV2_20220604.mat: 1243 样本 (+3 列)
  ACDL_ERA5_MatchV2_20220605.mat: 1256 样本 (+3 列)
  ACDL_ERA5_MatchV2_20220606.mat: 1341 样本 (+3 列)
  ACDL_ERA5_MatchV2_20220607.mat: 1182 样本 (+3 列)
  ACDL_ERA5_MatchV2_20220608.mat: 1354 样本 (+3 列)
  ACDL_ERA5_MatchV2_20220609.mat: 1184 样本 (+3 列)
  ACDL_ERA5_MatchV2_20220610.mat: 1277 样本 (+3 列)
  ACDL_ERA5_MatchV2_20220611.mat: 1219 样本 (+3 列)
  ACDL_ERA5_MatchV2_20220612.mat: 1102 样本 (+3 列)
  ACDL_ERA5_MatchV2_20220613.mat: 1327 样本 (+3 列)
  ACDL_ERA5_MatchV2_20220614.mat: 1199 样本 (+3 列)
  ACDL_ERA5_MatchV2_20220615.mat: 1365 样本 (+3 列)
  ACDL_ERA5_MatchV2_20220616.mat: 598 样本 (+3 列)
  ACDL_ERA5_MatchV2_20220617.mat: 1107 样本 (+3 列)
  ACDL_ERA5_MatchV2_20220618.mat: 1010 样本 (+3 列)
  ACDL_ERA5_MatchV2_20220619.mat: 1282 样本 (+3 列)
  ACDL_ERA5_MatchV2_20220620.mat: 1312 样本 (+3 列)
  ACDL_ERA5_MatchV2_20220621.mat: 945 样本 (+3 列)
  ACDL_ERA5_MatchV2_20220622.mat: 1352 样本 (+3 列)
  ACDL_ERA5_MatchV2_20220623.mat: 427 样本 (+3 列)
  ACDL_ERA5_MatchV2_20220624.mat: 1358 样本 (+3 列)
  ACDL_ERA5_MatchV2_20220625.mat: 1192 样本 (+3 列)
  ACDL_ERA5_MatchV2_20220626.mat: 1140 样本 (+3 列)
  ACDL_ERA5_MatchV2_20220627.mat: 1293 样本 (+3 列)
  ACDL_ERA5_MatchV2_20220628.mat: 1037 样本 (+3 列)
  ACDL_ERA5_MatchV2_20220629.mat: 965 样本 (+3 列)
  ACDL_ERA5_MatchV2_20220630.mat: 1079 样本 (+3 列)
[DATA] 合计 34860 样本,X=(34860, 103),y=(34860, 32);目标有效率 82.3%
[DATA] 额外列 3 个: ['BLH_m', 'TCWV_kgm2', 'Z_sfc_m'];Z_sfc 用于修正 L00 厚度(中位 298 m)
[DATA] 参与训练 34860 样本;目标有效率 82.3%
[TARGET] 模式 = abs(绝对消光 σ_l, km⁻¹)
[COLS] 额外 token 维度 = 3 (['BLH_m', 'TCWV_kgm2', 'Z_sfc_m'])

[TARGET] 目标可行性统计
  样本 34860;每层有效数(前 8 层): L00=10192 L01=14266 L02=16561 L03=18144 L04=19853 L05=21693 L06=23080 L07=23952
  每层有效数(后 8 层): L24=34831 L25=34854 L26=34860 L27=34860 L28=34860 L29=34860 L30=34860 L31=34860
  形状目标可用样本: 34689/34860 (99.5%)   [需 ≥10 层 且 厚度覆盖 ≥50%]
  柱含量可用样本  : 34860/34860 (100.0%)
  近地面窗口(层底 < 500 m)包含层: L00, L01, L02, L03, L04, L05, L06
  近地面完整样本  : 10198/34860 (29.3%)   ← 这些才可用于 GCF 评估
  GCF(近地面 500 m 占比)分位数: p5=0.013 p25=0.030 p50=0.056 p75=0.109 p95=0.262
  GCF 均值 0.086 ± 0.085(仅统计近地面完整的样本)
  柱光学厚度分位数: p5=0.214 p50=0.846 p95=2.344

[HOLDOUT] 随机留出 20%(train=27888, test=6972) —— 注意:随机划分,同格点/同时次样本可能跨集,结果偏乐观
    [Holdout] ep  1 train=0.0135 val=0.0064  *best
    [Holdout] ep  2 train=0.0063 val=0.0061  *best
    [Holdout] ep  3 train=0.0060 val=0.0056  *best
    [Holdout] ep  4 train=0.0057 val=0.0054  *best
    [Holdout] ep  5 train=0.0055 val=0.0053  *best
    [Holdout] ep  6 train=0.0054 val=0.0052  *best
    [Holdout] ep  7 train=0.0053 val=0.0051  *best
    [Holdout] ep  8 train=0.0052 val=0.0051  *best
    [Holdout] ep  9 train=0.0051 val=0.0050  *best
    [Holdout] ep 10 train=0.0050 val=0.0049  *best
    [Holdout] ep 11 train=0.0050 val=0.0049  *best
    [Holdout] ep 12 train=0.0049 val=0.0048  *best
    [Holdout] ep 13 train=0.0048 val=0.0048  *best
    [Holdout] ep 14 train=0.0048 val=0.0047  *best
    [Holdout] ep 16 train=0.0047 val=0.0047  *best
    [Holdout] ep 17 train=0.0046 val=0.0046  *best
    [Holdout] ep 19 train=0.0045 val=0.0046  *best
    [Holdout] ep 20 train=0.0045 val=0.0046  *best
    [Holdout] ep 21 train=0.0045 val=0.0046  *best
    [Holdout] ep 22 train=0.0044 val=0.0045  *best
    [Holdout] ep 23 train=0.0044 val=0.0045  *best
    [Holdout] ep 25 train=0.0043 val=0.0045  *best
    [Holdout] ep 26 train=0.0043 val=0.0044  *best
    [Holdout] ep 29 train=0.0042 val=0.0044  *best
    [Holdout] ep 30 train=0.0041 val=0.0044  *best
    [Holdout] ep 31 train=0.0041 val=0.0043  *best
    [Holdout] ep 34 train=0.0040 val=0.0043  *best
    [Holdout] ep 35 train=0.0040 val=0.0043  *best
    [Holdout] ep 36 train=0.0040 val=0.0043  *best
    [Holdout] ep 37 train=0.0039 val=0.0043  *best
    [Holdout] ep 38 train=0.0039 val=0.0042  *best
    [Holdout] ep 40 train=0.0039 val=0.0042  *best
    [Holdout] ep 41 train=0.0038 val=0.0042  *best
    [Holdout] ep 43 train=0.0038 val=0.0042  *best
    [Holdout] ep 44 train=0.0038 val=0.0042  *best
    [Holdout] ep 45 train=0.0037 val=0.0042  *best
    [Holdout] ep 46 train=0.0037 val=0.0042  *best
    [Holdout] ep 47 train=0.0037 val=0.0042  *best
    [Holdout] ep 49 train=0.0036 val=0.0041  *best
    [Holdout] ep 50 train=0.0036 val=0.0041
    [Holdout] ep 58 train=0.0034 val=0.0041  *best
    [Holdout] ep 60 train=0.0034 val=0.0041
    [Holdout] ep 61 train=0.0034 val=0.0041  *best
    [Holdout] ep 62 train=0.0033 val=0.0041  *best
    [Holdout] ep 63 train=0.0033 val=0.0041  *best
    [Holdout] ep 64 train=0.0033 val=0.0041  *best
    [Holdout] ep 66 train=0.0033 val=0.0041  *best
    [Holdout] ep 67 train=0.0032 val=0.0040  *best
    [Holdout] ep 68 train=0.0032 val=0.0040  *best
    [Holdout] ep 70 train=0.0032 val=0.0040
    [Holdout] ep 80 train=0.0030 val=0.0041
    [Holdout] ep 84 train=0.0030 val=0.0040  *best
    [Holdout] ep 90 train=0.0029 val=0.0040
    [Holdout] ep 91 train=0.0029 val=0.0040  *best
    [Holdout] ep100 train=0.0027 val=0.0040
    [Holdout] ep110 train=0.0026 val=0.0041
    [Holdout] 绝对消光: R²=0.4552 RMSE=0.0893 MAE=0.0428  GCF R²=0.316(MAE=0.046, n=2079) (best ep91)

[Holdout_E2c] 折数 1   —— 逐层指标 = 绝对消光 σ(km⁻¹)
  全局 R²   : 0.4552 ± 0.0000
  全局 RMSE : 0.0893 ± 0.0000
  全局 MAE  : 0.0428 ± 0.0000
  GCF  R²   : 0.3155 ± 0.0000   MAE 0.0457   (n=2079)   ← 只用训练所涉样本
  逐层 R²(绝对消光;L00=最低层 → L31=最高层):
    L00= 0.282  L01= 0.418  L02= 0.328  L03= 0.221  L04= 0.206  L05= 0.162  L06= 0.328  L07= 0.294
    L08= 0.259  L09= 0.237  L10= 0.246  L11= 0.307  L12= 0.319  L13= 0.323  L14= 0.300  L15= 0.339
    L16= 0.396  L17= 0.414  L18= 0.444  L19= 0.496  L20= 0.485  L21= 0.457  L22= 0.537  L23= 0.589
    L24= 0.640  L25= 0.713  L26= 0.686  L27= 0.323  L28= 0.419  L29= 0.172  L30=-0.188  L31=-0.434
  预测值已落盘: train_exp_E2c\results\predictions_Holdout_E2c.npz  (2.3 MB)  → 可用 Plot_Training_Results.py 重画
  图: train_exp_E2c\plots\per_layer_r2_Holdout_E2c.png
  图: train_exp_E2c\plots\gcf_scatter_Holdout_E2c.png

[提示] 默认不跑空间/时间 CV 与全量模型;需要时加 --cv(空间+时间 CV)或 --final(全量模型,并存 model_final.pt)

[DONE]
